// Jest Snapshot v1, https://goo.gl/fbAQLP

exports[`WheelPicker should match snapshot 1`] = `
<View
  style={
    Array [
      Object {
        "alignItems": "center",
        "justifyContent": "center",
      },
      undefined,
      Object {
        "height": 240,
        "width": "auto",
      },
    ]
  }
  testID="wheel-picker"
>
  <RCTScrollView
    collapsable={false}
    contentContainerStyle={
      Array [
        Object {
          "paddingVertical": 96,
        },
        undefined,
      ]
    }
    contentOffset={
      Object {
        "x": 0,
        "y": 0,
      }
    }
    nestedScrollEnabled={true}
    onMomentumScrollBegin={[Function]}
    onMomentumScrollEnd={[Function]}
    onScroll={[Function]}
    onScrollEndDrag={[Function]}
    onTouchCancel={[Function]}
    onTouchEnd={[Function]}
    onTouchStart={[Function]}
    removeClippedSubviews={false}
    scrollEnabled={true}
    scrollEventThrottle={16}
    showsHorizontalScrollIndicator={false}
    showsVerticalScrollIndicator={false}
    snapToOffsets={
      Array [
        0,
      ]
    }
    style={
      Object {
        "overflow": "visible",
        "width": "100%",
      }
    }
    visibleItemCount={5}
  >
    <View>
      <View
        collapsable={false}
        style={
          Object {
            "height": 48,
            "opacity": 1,
            "transform": Array [
              Object {
                "translateY": 0,
              },
              Object {
                "rotateX": "0deg",
              },
              Object {
                "perspective": 1000,
              },
            ],
          }
        }
      >
        <Text
          style={
            Array [
              Object {
                "fontSize": 20,
                "textAlign": "center",
              },
              Object {
                "lineHeight": 48,
              },
              undefined,
            ]
          }
        >
          Item 1
        </Text>
      </View>
    </View>
  </RCTScrollView>
  <View
    pointerEvents="none"
    style={
      Array [
        Object {
          "alignItems": "center",
          "bottom": 0,
          "justifyContent": "center",
          "left": 0,
          "position": "absolute",
          "right": 0,
          "top": 0,
        },
      ]
    }
  >
    <View
      style={
        Array [
          Object {
            "alignSelf": "stretch",
            "backgroundColor": "#000",
            "borderRadius": 8,
            "opacity": 0.05,
          },
          Object {
            "height": 48,
          },
          undefined,
        ]
      }
    />
  </View>
</View>
`;
